[demo30.atiframe.com/index.html]
[backblue.gif]
[fade.gif]
[index.html]
[ajax.googleapis.com/ajax/libs/webfont/1.5.3/webfont.js]
[demo30.atiframe.com/feed/index.html]
[demo30.atiframe.com/wp-includes/css/dashicons.min9dff.css]
[demo30.atiframe.com/wp-includes/css/dist/block-library/style.min9dff.css]
[demo30.atiframe.com/wp-content/plugins/revslider/public/assets/css/rs6c098.css]
[demo30.atiframe.com/comments/feed/index.html]
[demo30.atiframe.com/wp-content/plugins/kingcomposer/assets/frontend/css/kingcomposer.minceb5.css]
[demo30.atiframe.com/wp-content/plugins/kingcomposer/assets/css/animateceb5.css]
[demo30.atiframe.com/wp-content/uploads/sl_icons/native/nativeceb5.css]
[demo30.atiframe.com/wp-content/plugins/kingcomposer/assets/css/iconsceb5.css]
[demo30.atiframe.com/wp-content/themes/atiframe-builder/style9dff.css]
[demo30.atiframe.com/wp-content/uploads/2020/04/menu_r_bot_02.png]
[demo30.atiframe.com/wp-content/uploads/2020/03/Icon-1.png]
[demo30.atiframe.com/wp-content/themes/atiframe-builder/css/star9dff.css]
[demo30.atiframe.com/wp-includes/js/mediaelement/mediaelementplayer-legacy.minc270.css]
[demo30.atiframe.com/wp-includes/js/mediaelement/wp-mediaelement.min9dff.css]
[demo30.atiframe.com/wp-content/plugins/caldera-forms/assets/build/css/caldera-forms-front.min4585.css]
[demo30.atiframe.com/wp-content/plugins/caldera-forms/clients/render/build/style.min4585.css]
[demo30.atiframe.com/wp-content/plugins/atiframe-builder-shortcodes-master/css/style9dff.css]
[demo30.atiframe.com/wp-includes/js/jquery/jquery4a5f.js]
[demo30.atiframe.com/wp-includes/js/jquery/jquery-migrate.min330a.js]
[demo30.atiframe.com/wp-content/plugins/revslider/public/assets/js/revolution.tools.minf049.js]
[demo30.atiframe.com/wp-content/plugins/caldera-forms/assets/build/js/parsley.min4585.js]
[demo30.atiframe.com/wp-content/plugins/revslider/public/assets/js/rs6.minc098.js]
[demo30.atiframe.com/xmlrpc0db0.php]
[demo30.atiframe.com/wp-json/index.html]
[demo30.atiframe.com/wp-includes/wlwmanifest.xml]
[demo30.atiframe.com/wp-json/oembed/1.0/embed4bf6.json]
[demo30.atiframe.com/wp-json/oembed/1.0/embed22fb]
[demo30.atiframe.com/wp-content/uploads/2020/04/fave.png]
[demo30.atiframe.com/wp-content/uploads/2020/05/bg_count_.jpg]
[demo30.atiframe.com/wp-content/plugins/revslider/public/assets/assets/dummy.png]
[demo30.atiframe.com/wp-content/uploads/2020/03/Logo_Samura.svg]
[demo30.atiframe.com/homepage-3/index.html]
[demo30.atiframe.com/portfolio/index.html]
[demo30.atiframe.com/about/index.html]
[demo30.atiframe.com/homepage-2/index.html]
[demo30.atiframe.com/wp-content/uploads/2020/05/Vector-Smart-Object.png]
[demo30.atiframe.com/portfolio-1/index.html]
[demo30.atiframe.com/portfolio/new-episode/index.html]
[demo30.atiframe.com/wp-content/uploads/2020/05/Image_.jpg]
[demo30.atiframe.com/ux-ui-design/index.html]
[demo30.atiframe.com/services/index.html]
[demo30.atiframe.com/contacts/index.html]
[demo30.atiframe.com/wp-content/uploads/2020/05/fly_.jpg]
[demo30.atiframe.com/blog/index.html]
[demo30.atiframe.com/web-sites/how-does-wordpress-blog-work/index.html]
[demo30.atiframe.com/404e/index.html]
[demo30.atiframe.com/wp-content/uploads/2020/03/test_01-1.jpg]
[demo30.atiframe.com/counters-and-graphs/index.html]
[demo30.atiframe.com/info-boxes/index.html]
[demo30.atiframe.com/price-table/index.html]
[demo30.atiframe.com/wp-content/uploads/2020/03/test_02-1.jpg]
[demo30.atiframe.com/tables/index.html]
[demo30.atiframe.com/team-extended/index.html]
[demo30.atiframe.com/application/index.html]
[demo30.atiframe.com/wp-content/uploads/2020/04/Team-001.jpg]
[demo30.atiframe.com/development/index.html]
[demo30.atiframe.com/research/index.html]
[demo30.atiframe.com/marketing/index.html]
[demo30.atiframe.com/wp-content/uploads/2020/04/Team-002.jpg]
[demo30.atiframe.com/advertising/index.html]
[demo30.atiframe.com/privacy-policy-2/index.html]
[demo30.atiframe.com/wp-content/uploads/2020/04/Team-003.jpg]
[demo30.atiframe.com/terms-of-use/index.html]
[demo30.atiframe.com/wp-content/uploads/2019/12/Image.jpg]
[demo30.atiframe.com/wp-content/uploads/2019/12/Image2-1.jpg]
[demo30.atiframe.com/wp-content/uploads/2019/12/Image3-1.jpg]
[demo30.atiframe.com/tag/graphic/index.html]
[demo30.atiframe.com/wp-content/uploads/2019/12/Image4-1.jpg]
[demo30.atiframe.com/portfolio/womens-pantyhose/index.html]
[demo30.atiframe.com/tag/branding/index.html]
[demo30.atiframe.com/wp-content/uploads/2019/12/Image5-1.jpg]
[demo30.atiframe.com/tag/commercial/index.html]
[demo30.atiframe.com/portfolio/fashion-collection/index.html]
[demo30.atiframe.com/portfolio/coffeegram/index.html]
[demo30.atiframe.com/wp-content/uploads/2019/12/Image6.jpg]
[demo30.atiframe.com/wp-content/uploads/2020/01/Post-002-600x400.jpg]
[demo30.atiframe.com/portfolio/sportswear/index.html]
[demo30.atiframe.com/wp-content/uploads/2020/01/Post-003-1-600x400.jpg]
[demo30.atiframe.com/tag/identity/index.html]
[demo30.atiframe.com/wp-content/uploads/2020/01/Post-004-600x400.jpg]
[demo30.atiframe.com/portfolio/album-cover/index.html]
[demo30.atiframe.com/wp-admin/images/spinner.gif]
[demo30.atiframe.com/category/branding/index.html]
[web.webformscr.com/apps/fc3/build/loader.js]
[demo30.atiframe.com/category/web-sites/index.html]
[demo30.atiframe.com/category/graphic/index.html]
[demo30.atiframe.com/commercial/what-4p-mean-for-marketing/index.html]
[demo30.atiframe.com/category/commercial/index.html]
[demo30.atiframe.com/web-sites/4-steps-to-marketing-strategy/index.html]
[demo30.atiframe.com/wp-content/plugins/kingcomposer/includes/frontend/vendors/prettyPhoto/css/prettyPhotoceb5.css]
[mc.yandex.ru/metrika/tag.js]
[demo30.atiframe.com/wp-content/plugins/atiframe-builder-shortcodes-master/shortcodes/js/front9dff.js]
[demo30.atiframe.com/wp-content/plugins/kingcomposer/assets/frontend/js/kingcomposer.minceb5.js]
[demo30.atiframe.com/wp-content/plugins/kingcomposer/assets/frontend/js/counter.up.minceb5.js]
[demo30.atiframe.com/wp-content/plugins/kingcomposer/includes/frontend/vendors/waypoints/waypoints.minceb5.js]
[demo30.atiframe.com/wp-content/plugins/kingcomposer/includes/frontend/vendors/owl-carousel/owl.carousel.minceb5.js]
[demo30.atiframe.com/wp-includes/js/mediaelement/mediaelement-and-player.minc270.js]
[demo30.atiframe.com/wp-includes/js/mediaelement/mediaelement-migrate.min9dff.js]
[demo30.atiframe.com/wp-includes/js/mediaelement/wp-mediaelement.min9dff.js]
[demo30.atiframe.com/wp-content/themes/atiframe-builder/js/jquery.magnific-popup.min9dff.js]
[demo30.atiframe.com/wp-content/themes/atiframe-builder/js/main9dff.js]
[demo30.atiframe.com/wp-content/plugins/caldera-forms/assets/build/js/jquery-baldrick.min4585.js]
[demo30.atiframe.com/wp-includes/js/dist/vendor/wp-polyfill.min89b1.js]
[demo30.atiframe.com/wp-includes/js/dist/vendor/wp-polyfill-fetch.min6e0e.js]
[demo30.atiframe.com/wp-includes/js/dist/vendor/wp-polyfill-node-contains.minef84.js]
[demo30.atiframe.com/wp-includes/js/dist/vendor/wp-polyfill-formdata.mine9bd.js]
[demo30.atiframe.com/wp-includes/js/dist/vendor/wp-polyfill-element-closest.min4c56.js]
[demo30.atiframe.com/wp-includes/js/dist/vendor/react.minb3b9.js]
[demo30.atiframe.com/wp-includes/js/dist/dom-ready.min9776.js]
[demo30.atiframe.com/wp-includes/js/dist/vendor/react-dom.minb3b9.js]
[demo30.atiframe.com/wp-content/plugins/caldera-forms/clients/render/build/index.min4585.js]
[demo30.atiframe.com/wp-includes/js/wp-embed.min9dff.js]
[demo30.atiframe.com/wp-content/plugins/caldera-forms/assets/build/js/caldera-forms-front.min4585.js]
[demo30.atiframe.com/wp-content/plugins/atiframe-builder-shortcodes-master/js/isotope.pkgd.min9dff.js]
[demo30.atiframe.com/index.html]
[demo30.atiframe.com/wp-content/plugins/kingcomposer/includes/frontend/vendors/prettyPhoto/js/jquery.prettyPhotoceb5.js]
[demo30.atiframe.com/wp-includes/fonts/dashicons2ce6.eot]
[demo30.atiframe.com/wp-includes/fonts/dashicons2ce6.ttf]
[demo30.atiframe.com/wp-includes/css/dashicons.min9dff.css]
[demo30.atiframe.com/wp-includes/css/dist/block-library/style.min9dff.css]
[demo30.atiframe.com/wp-content/plugins/revslider/public/assets/fonts/revicons/revicons90c6.eot]
[demo30.atiframe.com/wp-content/plugins/revslider/public/assets/fonts/revicons/revicons90c6.woff]
[demo30.atiframe.com/wp-content/plugins/revslider/public/assets/fonts/revicons/revicons90c6.ttf]
[demo30.atiframe.com/wp-content/plugins/revslider/public/assets/fonts/revicons/revicons90c6.svg]
[demo30.atiframe.com/wp-content/plugins/revslider/public/assets/assets/gridtile.png]
[demo30.atiframe.com/wp-content/plugins/revslider/public/assets/assets/gridtile_white.png]
[demo30.atiframe.com/wp-content/plugins/revslider/public/assets/assets/gridtile_3x3.png]
[demo30.atiframe.com/wp-content/plugins/revslider/public/assets/assets/gridtile_3x3_white.png]
[demo30.atiframe.com/wp-content/plugins/revslider/public/assets/assets/coloredbg.png]
[demo30.atiframe.com/wp-content/plugins/revslider/public/assets/assets/loader.gif]
[demo30.atiframe.com/wp-content/plugins/revslider/public/assets/css/rs6c098.css]
[demo30.atiframe.com/wp-content/plugins/kingcomposer/assets/frontend/images/loader.png]
[demo30.atiframe.com/wp-content/plugins/kingcomposer/assets/frontend/images/loading.gif]
[demo30.atiframe.com/wp-content/plugins/kingcomposer/assets/frontend/images/fb_loading.gif]
[demo30.atiframe.com/wp-content/plugins/kingcomposer/assets/frontend/images/icon-remove.png]
[demo30.atiframe.com/wp-content/plugins/kingcomposer/assets/frontend/css/kingcomposer.minceb5.css]
[demo30.atiframe.com/wp-content/plugins/kingcomposer/assets/css/animateceb5.css]
[demo30.atiframe.com/wp-content/uploads/sl_icons/native/fonts/native96c1.eot]
[demo30.atiframe.com/wp-content/uploads/sl_icons/native/fonts/native96c1.ttf]
[demo30.atiframe.com/wp-content/uploads/sl_icons/native/fonts/native96c1.woff]
[demo30.atiframe.com/wp-content/uploads/sl_icons/native/nativeceb5.css]
[demo30.atiframe.com/wp-content/plugins/kingcomposer/assets/css/fonts/Simple-Line-Icons4c82.eot]
[demo30.atiframe.com/wp-content/uploads/sl_icons/native/fonts/native96c1.svg]
[demo30.atiframe.com/wp-content/plugins/kingcomposer/assets/css/fonts/Simple-Line-Iconsd41d.eot]
[demo30.atiframe.com/wp-content/plugins/kingcomposer/assets/css/fonts/Simple-Line-Icons.ttf]
[demo30.atiframe.com/wp-content/plugins/kingcomposer/assets/css/fonts/Simple-Line-Icons.woff]
[demo30.atiframe.com/wp-content/plugins/kingcomposer/assets/css/fonts/Simple-Line-Iconsd41d.svg]
[demo30.atiframe.com/wp-content/plugins/kingcomposer/assets/css/fonts/et-line.eot]
[demo30.atiframe.com/wp-content/plugins/kingcomposer/assets/css/fonts/et-lined41d.eot]
[demo30.atiframe.com/wp-content/plugins/kingcomposer/assets/css/fonts/et-line.woff]
[demo30.atiframe.com/wp-content/plugins/kingcomposer/assets/css/fonts/et-line.ttf]
[demo30.atiframe.com/wp-content/plugins/kingcomposer/assets/css/fonts/et-line.svg]
[demo30.atiframe.com/wp-content/plugins/kingcomposer/assets/css/fonts/fa-solid-900.eot]
[demo30.atiframe.com/wp-content/plugins/kingcomposer/assets/css/fonts/fa-solid-900d41d.eot]
[demo30.atiframe.com/wp-content/plugins/kingcomposer/assets/css/fonts/fa-solid-900.woff2]
[demo30.atiframe.com/wp-content/plugins/kingcomposer/assets/css/fonts/fa-solid-900.woff]
[demo30.atiframe.com/wp-content/plugins/kingcomposer/assets/css/fonts/fa-solid-900.ttf]
[demo30.atiframe.com/wp-content/plugins/kingcomposer/assets/css/fonts/fa-brands-400.eot]
[demo30.atiframe.com/wp-content/plugins/kingcomposer/assets/css/fonts/fa-brands-400d41d.eot]
[demo30.atiframe.com/wp-content/plugins/kingcomposer/assets/css/fonts/fa-brands-400.woff2]
[demo30.atiframe.com/wp-content/plugins/kingcomposer/assets/css/fonts/fa-solid-900.svg]
[demo30.atiframe.com/wp-content/plugins/kingcomposer/assets/css/fonts/fa-brands-400.woff]
[demo30.atiframe.com/wp-content/plugins/kingcomposer/assets/css/fonts/fa-brands-400.ttf]
[demo30.atiframe.com/wp-content/plugins/kingcomposer/assets/css/iconsceb5.css]
[demo30.atiframe.com/wp-content/themes/atiframe-builder/images/ajax-loader2.gif]
[demo30.atiframe.com/wp-content/themes/atiframe-builder/images/ajax-loader.gif]
[demo30.atiframe.com/wp-content/themes/atiframe-builder/style9dff.css]
[demo30.atiframe.com/wp-content/themes/atiframe-builder/fonts/star.eot]
[demo30.atiframe.com/wp-content/themes/atiframe-builder/fonts/stard41d.eot]
[demo30.atiframe.com/wp-content/plugins/kingcomposer/assets/css/fonts/fa-brands-400.svg]
[demo30.atiframe.com/wp-content/themes/atiframe-builder/fonts/star.woff]
[demo30.atiframe.com/wp-content/themes/atiframe-builder/fonts/star.ttf]
[demo30.atiframe.com/wp-content/themes/atiframe-builder/css/star9dff.css]
[demo30.atiframe.com/wp-content/themes/atiframe-builder/fonts/star.svg]
[demo30.atiframe.com/wp-includes/js/mediaelement/mediaelementplayer-legacy.minc270.css]
[demo30.atiframe.com/wp-includes/js/mediaelement/wp-mediaelement.min9dff.css]
[demo30.atiframe.com/wp-includes/js/mediaelement/mejs-controls.svg]
[demo30.atiframe.com/wp-content/plugins/caldera-forms/assets/build/images/loading.gif]
[demo30.atiframe.com/wp-content/plugins/caldera-forms/assets/build/images/credit-card.svg]
[demo30.atiframe.com/wp-content/plugins/caldera-forms/assets/build/css/fonts/cf-ratye6a1.eot]
[demo30.atiframe.com/wp-content/plugins/caldera-forms/assets/build/css/fonts/cf-ratye6a1.woff]
[demo30.atiframe.com/wp-content/plugins/caldera-forms/assets/build/css/fonts/cf-ratye6a1.ttf]
[demo30.atiframe.com/wp-content/plugins/caldera-forms/assets/build/css/fonts/cf-ratye6a1.svg]
[demo30.atiframe.com/wp-content/plugins/caldera-forms/assets/build/css/minicolor-colors.png]
[demo30.atiframe.com/wp-content/plugins/caldera-forms/assets/build/css/caldera-forms-front.min4585.css]
[demo30.atiframe.com/wp-content/plugins/caldera-forms/clients/render/build/style.min4585.css]
[demo30.atiframe.com/wp-content/plugins/atiframe-builder-shortcodes-master/css/style9dff.css]
[demo30.atiframe.com/wp-includes/js/jquery/jquery4a5f.js]
[demo30.atiframe.com/wp-includes/js/jquery/jquery-migrate.min330a.js]
[demo30.atiframe.com/CustomEase.min.js]
[demo30.atiframe.com/Version/index.html]
[demo30.atiframe.com/TweenLite.min.js]
[demo30.atiframe.com/wp-content/plugins/revslider/public/assets/js/revolution.tools.minf049.js]
[demo30.atiframe.com/images/transparent.png]
[demo30.atiframe.com/assets/transparent.png]
[demo30.atiframe.com/wp-content/plugins/revslider/public/assets/js/rs6.minc098.js]
[demo30.atiframe.com/wp-content/plugins/caldera-forms/assets/build/js/parsley.min4585.js]
[player.vimeo.com/api/player.js]
[demo30.atiframe.com/wp-content/uploads/2020/03/Logo_Samura.svg]
[demo30.atiframe.com/wp-json/oembed/1.0/embeda1fb.json]
[demo30.atiframe.com/wp-json/oembed/1.0/embed43e1]
[demo30.atiframe.com/wp-content/uploads/2020/05/bg_home_2_about.jpg]
[demo30.atiframe.com/wp-content/uploads/2020/04/bg_home2.png]
[demo30.atiframe.com/wp-content/uploads/2020/04/24_7.png]
[demo30.atiframe.com/homepage-2/index.html]
[demo30.atiframe.com/wp-json/oembed/1.0/embedf5ab.json]
[demo30.atiframe.com/wp-json/oembed/1.0/embed0533]
[demo30.atiframe.com/wp-content/uploads/2020/04/Image_01.jpg]
[demo30.atiframe.com/wp-content/uploads/2020/04/Brand-1.png]
[demo30.atiframe.com/wp-content/uploads/2020/04/Brand-2.png]
[demo30.atiframe.com/wp-content/uploads/2020/04/Brand-3.png]
[demo30.atiframe.com/wp-content/uploads/2020/04/Brand-4.png]
[demo30.atiframe.com/wp-content/uploads/2020/04/Brand-5.png]
[demo30.atiframe.com/homepage-3/index.html]
[demo30.atiframe.com/wp-content/uploads/2020/04/Vector-Smart-Object.jpg]
[demo30.atiframe.com/wp-json/oembed/1.0/embede1a5.json]
[demo30.atiframe.com/wp-json/oembed/1.0/embedaef8]
[demo30.atiframe.com/wp-content/uploads/2020/04/Image.jpg]
[demo30.atiframe.com/about/index.html]
[demo30.atiframe.com/wp-content/uploads/2019/12/Image-600x600.jpg]
[demo30.atiframe.com/portfolio/feed/index.html]
[demo30.atiframe.com/wp-content/uploads/2019/12/Image2-1-600x600.jpg]
[demo30.atiframe.com/wp-content/uploads/2019/12/Image3-1-600x600.jpg]
[demo30.atiframe.com/wp-content/uploads/2019/12/Image4-1-600x600.jpg]
[demo30.atiframe.com/wp-content/uploads/2019/12/Image5-1-600x600.jpg]
[demo30.atiframe.com/wp-content/uploads/2019/12/Image6-600x600.jpg]
[demo30.atiframe.com/portfolio/index.html]
[demo30.atiframe.com/wp-json/oembed/1.0/embeda265.json]
[demo30.atiframe.com/wp-json/oembed/1.0/embed575c]
[demo30.atiframe.com/portfolio-1/index.html]
[demo30.atiframe.com/wp-json/oembed/1.0/embed8e93.json]
[demo30.atiframe.com/wp-json/oembed/1.0/embededd1]
[demo30.atiframe.com/wp-content/uploads/2020/04/Image4.jpg]
[demo30.atiframe.com/wp-content/uploads/2020/04/Image-5.jpg]
[demo30.atiframe.com/wp-content/uploads/2019/12/Image-1.jpg]
[demo30.atiframe.com/wp-content/uploads/2019/12/Image-2.jpg]
[demo30.atiframe.com/wp-content/uploads/2019/12/Image-3.jpg]
[demo30.atiframe.com/portfolio/new-episode/index.html]
[demo30.atiframe.com/wp-content/plugins/atiframe-builder-shortcodes-master/shortcodes/js/responsive-tablesceb5.js]
[demo30.atiframe.com/wp-json/oembed/1.0/embedf569.json]
[demo30.atiframe.com/wp-json/oembed/1.0/embed5633]
[demo30.atiframe.com/wp-content/uploads/2020/04/BG_map.jpg]
[demo30.atiframe.com/services/index.html]
[demo30.atiframe.com/wp-json/oembed/1.0/embed20b1.json]
[demo30.atiframe.com/wp-json/oembed/1.0/embed2a08]
[demo30.atiframe.com/wp-content/uploads/2020/04/Image-4.jpg]
[demo30.atiframe.com/ux-ui-design/index.html]
[demo30.atiframe.com/wp-json/oembed/1.0/embed705f.json]
[demo30.atiframe.com/service-detailed/index.html]
[demo30.atiframe.com/wp-json/oembed/1.0/embed0b39]
[demo30.atiframe.com/wp-content/uploads/2020/04/Icon_cont.png]
[demo30.atiframe.com/contacts/index.html]
[demo30.atiframe.com/wp-content/uploads/2020/04/ban_blog.jpg]
[demo30.atiframe.com/wp-content/uploads/2017/07/Post-001-1170x650.jpg]
[demo30.atiframe.com/wp-content/uploads/2020/01/Post-003-1-1170x650.jpg]
[demo30.atiframe.com/wp-content/uploads/2020/01/Post-004-1170x650.jpg]
[demo30.atiframe.com/web-sites/template-sticky/index.html]
[demo30.atiframe.com/author/admin/index.html]
[demo30.atiframe.com/wp-content/uploads/2017/07/Post-005-1170x650.jpg]
[demo30.atiframe.com/wp-content/uploads/2017/07/Post-006-1-1170x650.jpg]
[demo30.atiframe.com/web-sites/blog-post-2-sidebars/index.html]
[demo30.atiframe.com/category/ux-ui-design/index.html]
[demo30.atiframe.com/wp-content/uploads/2017/07/Post-007-1170x650.jpg]
[demo30.atiframe.com/wp-content/uploads/2017/07/Post-008-1170x650.jpg]
[demo30.atiframe.com/web-sites/post-132456-password-protected/index.html]
[demo30.atiframe.com/wp-content/uploads/2017/07/Post-009-1170x650.jpg]
[demo30.atiframe.com/web-sites/image-post-format/index.html]
[demo30.atiframe.com/wp-content/uploads/2017/07/Post-010-1-1170x650.jpg]
[demo30.atiframe.com/web-sites/post-without-image/index.html]
[demo30.atiframe.com/ux-ui-design/markup-image-alignment/index.html]
[demo30.atiframe.com/wp-content/uploads/2020/01/Post-002.jpg]
[demo30.atiframe.com/ux-ui-design/template-paginated/index.html]
[demo30.atiframe.com/wp-content/uploads/2020/01/Post-003-1.jpg]
[demo30.atiframe.com/blog/page/2/index.html]
[demo30.atiframe.com/wp-content/uploads/2020/01/Post-004.jpg]
[demo30.atiframe.com/blog/index.html]
[demo30.atiframe.com/tag/content/index.html]
[demo30.atiframe.com/tag/advertising/index.html]
[demo30.atiframe.com/wp-json/oembed/1.0/embed9828.json]
[demo30.atiframe.com/web-sites/template-comments/index.html]
[demo30.atiframe.com/wp-json/oembed/1.0/embedee86]
[demo30.atiframe.com/tag/marketing/index.html]
[demo30.atiframe.com/tag/design/index.html]
[demo30.atiframe.com/web-sites/how-does-wordpress-blog-work/feed/index.html]
[demo30.atiframe.com/wp-content/uploads/2020/01/Post-002-1170x650.jpg]
[demo30.atiframe.com/wp-content/uploads/2020/04/For-text-02.jpg]
[demo30.atiframe.com/wp-content/uploads/2020/01/Post-003-1-600x600.jpg]
[demo30.atiframe.com/wp-content/uploads/2017/07/Post-005-600x400.jpg]
[demo30.atiframe.com/wp-content/themes/atiframe-builder/images/quote.svg]
[demo30.atiframe.com/web-sites/how-does-wordpress-blog-work/index.html]
[demo30.atiframe.com/404e/index.html]
[demo30.atiframe.com/wp-includes/js/comment-reply.min9dff.js]
[demo30.atiframe.com/wp-json/oembed/1.0/embed8b3a.json]
[demo30.atiframe.com/wp-json/oembed/1.0/embeddd71]
[demo30.atiframe.com/counters-and-graphs/index.html]
[demo30.atiframe.com/wp-json/oembed/1.0/embed2adc.json]
[demo30.atiframe.com/wp-json/oembed/1.0/embed442b]
[demo30.atiframe.com/info-boxes/index.html]
[demo30.atiframe.com/wp-json/oembed/1.0/embed3182.json]
[demo30.atiframe.com/wp-json/oembed/1.0/embed31d5]
[demo30.atiframe.com/price-table/index.html]
[demo30.atiframe.com/wp-json/oembed/1.0/embed5702.json]
[demo30.atiframe.com/wp-json/oembed/1.0/embedb413]
[demo30.atiframe.com/wp-content/uploads/2020/03/qute_.png]
[demo30.atiframe.com/tables/index.html]
[demo30.atiframe.com/wp-json/oembed/1.0/embed7836.json]
[demo30.atiframe.com/wp-json/oembed/1.0/embed1bf8]
[demo30.atiframe.com/team-extended/index.html]
[demo30.atiframe.com/wp-json/oembed/1.0/embeda7eb.json]
[demo30.atiframe.com/wp-json/oembed/1.0/embed2fdf]
[demo30.atiframe.com/application/index.html]
[demo30.atiframe.com/wp-json/oembed/1.0/embed5a3e.json]
[demo30.atiframe.com/wp-json/oembed/1.0/embed435e]
[demo30.atiframe.com/development/index.html]
[demo30.atiframe.com/wp-json/oembed/1.0/embed3877.json]
[demo30.atiframe.com/wp-json/oembed/1.0/embedd4db]
[demo30.atiframe.com/research/index.html]
[demo30.atiframe.com/wp-json/oembed/1.0/embed32a1.json]
[demo30.atiframe.com/wp-json/oembed/1.0/embed42e1]
[demo30.atiframe.com/marketing/index.html]
[demo30.atiframe.com/wp-json/oembed/1.0/embed0593.json]
[demo30.atiframe.com/wp-json/oembed/1.0/embedd028]
[demo30.atiframe.com/advertising/index.html]
[demo30.atiframe.com/wp-json/oembed/1.0/embed7504.json]
[demo30.atiframe.com/wp-json/oembed/1.0/embedf3a2]
[demo30.atiframe.com/privacy-policy-2/index.html]
[demo30.atiframe.com/wp-json/oembed/1.0/embed67ff.json]
[demo30.atiframe.com/wp-json/oembed/1.0/embedc6eb]
[demo30.atiframe.com/terms-of-use/index.html]
[demo30.atiframe.com/tag/graphic/index.html]
[demo30.atiframe.com/tag/branding/index.html]
[demo30.atiframe.com/tag/branding/feed/index.html]
[demo30.atiframe.com/wp-json/oembed/1.0/embed8de0.json]
[demo30.atiframe.com/wp-json/oembed/1.0/embedfa97]
[demo30.atiframe.com/tag/graphic/feed/index.html]
[demo30.atiframe.com/wp-content/uploads/2020/04/Image4-1.jpg]
[demo30.atiframe.com/wp-content/uploads/2020/04/Image-6.jpg]
[demo30.atiframe.com/wp-content/uploads/2020/04/Image-1-1.jpg]
[demo30.atiframe.com/wp-content/uploads/2020/04/Image-2-1.jpg]
[demo30.atiframe.com/wp-content/uploads/2020/04/Image-3-1.jpg]
[demo30.atiframe.com/portfolio/womens-pantyhose/index.html]
[demo30.atiframe.com/tag/commercial/feed/index.html]
[demo30.atiframe.com/wp-content/uploads/2017/07/Post-011-1170x650.jpg]
[demo30.atiframe.com/wp-content/themes/atiframe-builder/images/play.svg]
[demo30.atiframe.com/tag/commercial/index.html]
[demo30.atiframe.com/wp-json/oembed/1.0/embedb651.json]
[demo30.atiframe.com/wp-json/oembed/1.0/embedbadc]
[demo30.atiframe.com/wp-content/uploads/2020/04/Image5.jpg]
[demo30.atiframe.com/wp-content/uploads/2020/04/Image-7.jpg]
[demo30.atiframe.com/wp-content/uploads/2020/04/Image2.jpg]
[demo30.atiframe.com/wp-content/uploads/2020/04/Image3.jpg]
[demo30.atiframe.com/wp-content/uploads/2020/04/Image4-2.jpg]
[demo30.atiframe.com/portfolio/fashion-collection/index.html]
[demo30.atiframe.com/wp-json/oembed/1.0/embed0379.json]
[demo30.atiframe.com/wp-json/oembed/1.0/embedf131]
[demo30.atiframe.com/wp-content/uploads/2020/04/Image5-1.jpg]
[demo30.atiframe.com/wp-content/uploads/2020/04/Image-8.jpg]
[demo30.atiframe.com/wp-content/uploads/2020/04/Image2-1.jpg]
[demo30.atiframe.com/wp-content/uploads/2020/04/Image3-1.jpg]
[demo30.atiframe.com/wp-content/uploads/2020/04/Image4-3.jpg]
[demo30.atiframe.com/portfolio/coffeegram/index.html]
[demo30.atiframe.com/wp-json/oembed/1.0/embed085b.json]
[demo30.atiframe.com/wp-json/oembed/1.0/embed16b5]
[demo30.atiframe.com/wp-content/uploads/2020/04/Image5-2.jpg]
[demo30.atiframe.com/wp-content/uploads/2020/04/Image-9.jpg]
[demo30.atiframe.com/wp-content/uploads/2020/04/Image2-2.jpg]
[demo30.atiframe.com/wp-content/uploads/2020/04/Image3-2.jpg]
[demo30.atiframe.com/wp-content/uploads/2020/04/Image4-4.jpg]
[demo30.atiframe.com/portfolio/sportswear/index.html]
[demo30.atiframe.com/tag/identity/index.html]
[demo30.atiframe.com/tag/identity/feed/index.html]
[demo30.atiframe.com/wp-json/oembed/1.0/embed2e62.json]
[demo30.atiframe.com/wp-json/oembed/1.0/embedfa42]
[demo30.atiframe.com/wp-content/uploads/2020/04/Image2-3.jpg]
[demo30.atiframe.com/wp-content/uploads/2020/04/Image-10.jpg]
[demo30.atiframe.com/wp-content/uploads/2020/04/Image-1-2.jpg]
[demo30.atiframe.com/wp-content/uploads/2020/04/Image-2.png]
[demo30.atiframe.com/portfolio/album-cover/index.html]
[demo30.atiframe.com/category/branding/index.html]
[demo30.atiframe.com/category/web-sites/index.html]
[demo30.atiframe.com/category/branding/feed/index.html]
[demo30.atiframe.com/category/web-sites/feed/index.html]
[demo30.atiframe.com/category/graphic/feed/index.html]
[demo30.atiframe.com/wp-content/uploads/2017/05/Post-0012-1170x650.jpg]
[demo30.atiframe.com/category/graphic/index.html]
[demo30.atiframe.com/wp-json/oembed/1.0/embed94b6.json]
[demo30.atiframe.com/ux-ui-design/hello-world-2/index.html]
[demo30.atiframe.com/web-sites/4-steps-to-marketing-strategy/feed/index.html]
[demo30.atiframe.com/wp-json/oembed/1.0/embed4466]
[demo30.atiframe.com/wp-content/uploads/2020/01/Post-004-600x600.jpg]
[demo30.atiframe.com/wp-content/uploads/2020/01/Post-002-600x600.jpg]
[demo30.atiframe.com/web-sites/4-steps-to-marketing-strategy/index.html]
[demo30.atiframe.com/category/commercial/index.html]
[demo30.atiframe.com/category/commercial/feed/index.html]
[demo30.atiframe.com/wp-json/oembed/1.0/embed47d8.json]
[demo30.atiframe.com/commercial/what-4p-mean-for-marketing/feed/index.html]
[demo30.atiframe.com/wp-json/oembed/1.0/embed18aa]
[demo30.atiframe.com/wp-content/uploads/2020/04/For-text-01.jpg]
[demo30.atiframe.com/wp-content/uploads/2017/07/Post-005-600x600.jpg]
[demo30.atiframe.com/commercial/what-4p-mean-for-marketing/index.html]
[demo30.atiframe.com/wp-content/plugins/kingcomposer/includes/frontend/vendors/prettyPhoto/images/prettyPhoto/default/sprite.png]
[demo30.atiframe.com/wp-content/plugins/kingcomposer/includes/frontend/vendors/prettyPhoto/images/prettyPhoto/default/sprite_x.png]
[demo30.atiframe.com/wp-content/plugins/kingcomposer/includes/frontend/vendors/prettyPhoto/images/prettyPhoto/default/sprite_y.png]
[demo30.atiframe.com/wp-content/plugins/kingcomposer/includes/frontend/vendors/prettyPhoto/images/prettyPhoto/default/sprite_next.png]
[demo30.atiframe.com/wp-content/plugins/kingcomposer/includes/frontend/vendors/prettyPhoto/images/prettyPhoto/default/sprite_prev.png]
[demo30.atiframe.com/wp-content/plugins/kingcomposer/includes/frontend/vendors/prettyPhoto/images/prettyPhoto/default/default_thumb.png]
[demo30.atiframe.com/wp-content/plugins/kingcomposer/includes/frontend/vendors/prettyPhoto/images/prettyPhoto/default/loader.gif]
[demo30.atiframe.com/wp-content/plugins/kingcomposer/includes/frontend/vendors/prettyPhoto/images/prettyPhoto/light_rounded/sprite.png]
[demo30.atiframe.com/wp-content/plugins/kingcomposer/includes/frontend/vendors/prettyPhoto/images/prettyPhoto/light_rounded/btnNext.png]
[demo30.atiframe.com/wp-content/plugins/kingcomposer/includes/frontend/vendors/prettyPhoto/images/prettyPhoto/light_rounded/btnPrevious.png]
[demo30.atiframe.com/wp-content/plugins/kingcomposer/includes/frontend/vendors/prettyPhoto/images/prettyPhoto/light_rounded/loader.gif]
[demo30.atiframe.com/wp-content/plugins/kingcomposer/includes/frontend/vendors/prettyPhoto/images/prettyPhoto/dark_rounded/sprite.png]
[demo30.atiframe.com/wp-content/plugins/kingcomposer/includes/frontend/vendors/prettyPhoto/images/prettyPhoto/dark_rounded/contentPattern.png]
[demo30.atiframe.com/wp-content/plugins/kingcomposer/includes/frontend/vendors/prettyPhoto/images/prettyPhoto/dark_rounded/btnNext.png]
[demo30.atiframe.com/wp-content/plugins/kingcomposer/includes/frontend/vendors/prettyPhoto/images/prettyPhoto/dark_rounded/btnPrevious.png]
[demo30.atiframe.com/wp-content/plugins/kingcomposer/includes/frontend/vendors/prettyPhoto/images/prettyPhoto/dark_rounded/loader.gif]
[demo30.atiframe.com/wp-content/plugins/kingcomposer/includes/frontend/vendors/prettyPhoto/images/prettyPhoto/dark_square/loader.gif]
[demo30.atiframe.com/wp-content/plugins/kingcomposer/includes/frontend/vendors/prettyPhoto/images/prettyPhoto/dark_square/sprite.png]
[demo30.atiframe.com/wp-content/plugins/kingcomposer/includes/frontend/vendors/prettyPhoto/images/prettyPhoto/dark_square/btnNext.png]
[demo30.atiframe.com/wp-content/plugins/kingcomposer/includes/frontend/vendors/prettyPhoto/images/prettyPhoto/dark_square/btnPrevious.png]
[demo30.atiframe.com/wp-content/plugins/kingcomposer/includes/frontend/vendors/prettyPhoto/images/prettyPhoto/light_square/sprite.png]
[demo30.atiframe.com/wp-content/plugins/kingcomposer/includes/frontend/vendors/prettyPhoto/images/prettyPhoto/light_square/btnNext.png]
[demo30.atiframe.com/wp-content/plugins/kingcomposer/includes/frontend/vendors/prettyPhoto/images/prettyPhoto/light_square/btnPrevious.png]
[demo30.atiframe.com/wp-content/plugins/kingcomposer/includes/frontend/vendors/prettyPhoto/images/prettyPhoto/facebook/sprite.png]
[demo30.atiframe.com/wp-content/plugins/kingcomposer/includes/frontend/vendors/prettyPhoto/images/prettyPhoto/facebook/contentPatternTop.png]
[demo30.atiframe.com/wp-content/plugins/kingcomposer/includes/frontend/vendors/prettyPhoto/images/prettyPhoto/facebook/contentPatternLeft.png]
[demo30.atiframe.com/wp-content/plugins/kingcomposer/includes/frontend/vendors/prettyPhoto/images/prettyPhoto/facebook/contentPatternRight.png]
[demo30.atiframe.com/wp-content/plugins/kingcomposer/includes/frontend/vendors/prettyPhoto/images/prettyPhoto/facebook/loader.gif]
[demo30.atiframe.com/wp-content/plugins/kingcomposer/includes/frontend/vendors/prettyPhoto/images/prettyPhoto/facebook/btnNext.png]
[demo30.atiframe.com/wp-content/plugins/kingcomposer/includes/frontend/vendors/prettyPhoto/images/prettyPhoto/facebook/btnPrevious.png]
[demo30.atiframe.com/wp-content/plugins/kingcomposer/includes/frontend/vendors/prettyPhoto/images/prettyPhoto/facebook/contentPatternBottom.png]
[demo30.atiframe.com/wp-content/plugins/kingcomposer/includes/frontend/vendors/prettyPhoto/images/prettyPhoto/facebook/default_thumbnail.gif]
[demo30.atiframe.com/wp-content/plugins/kingcomposer/includes/frontend/vendors/prettyPhoto/css/prettyPhotoceb5.css]
[demo30.atiframe.com/wp-content/plugins/atiframe-builder-shortcodes-master/shortcodes/js/front9dff.js]
[demo30.atiframe.com/wp-content/plugins/kingcomposer/assets/frontend/js/kingcomposer.minceb5.js]
[demo30.atiframe.com/wp-content/plugins/kingcomposer/assets/frontend/js/counter.up.minceb5.js]
[demo30.atiframe.com/wp-content/plugins/kingcomposer/includes/frontend/vendors/waypoints/waypoints.minceb5.js]
[demo30.atiframe.com/wp-content/plugins/kingcomposer/includes/frontend/vendors/owl-carousel/owl.carousel.minceb5.js]
[demo30.atiframe.com/GET]
[demo30.atiframe.com/wp-includes/js/mediaelement/mediaelement-and-player.minc270.js]
[demo30.atiframe.com/wp-includes/js/mediaelement/mediaelement-migrate.min9dff.js]
[demo30.atiframe.com/wp-includes/js/mediaelement/wp-mediaelement.min9dff.js]
[demo30.atiframe.com/wp-content/themes/atiframe-builder/js/jquery.magnific-popup.min9dff.js]
[demo30.atiframe.com/wp-content/themes/atiframe-builder/js/main9dff.js]
[demo30.atiframe.com/;path=/index.html]
[demo30.atiframe.com/this,b]
[demo30.atiframe.com/wp-content/plugins/caldera-forms/assets/build/js/jquery-baldrick.min4585.js]
[demo30.atiframe.com/wp-includes/js/dist/vendor/wp-polyfill.min89b1.js]
[demo30.atiframe.com/wp-includes/js/dist/vendor/wp-polyfill-fetch.min6e0e.js]
[demo30.atiframe.com/wp-includes/js/dist/vendor/wp-polyfill-node-contains.minef84.js]
[demo30.atiframe.com/wp-includes/js/dist/vendor/wp-polyfill-formdata.mine9bd.js]
[demo30.atiframe.com/wp-includes/js/dist/vendor/wp-polyfill-element-closest.min4c56.js]
[demo30.atiframe.com/wp-includes/js/dist/vendor/react.minb3b9.js]
[demo30.atiframe.com/wp-includes/js/dist/vendor/react-dom.minb3b9.js]
[demo30.atiframe.com/wp-includes/js/dist/dom-ready.min9776.js]
[demo30.atiframe.com/wp-content/plugins/caldera-forms/clients/render/build/index.min4585.js]
[demo30.atiframe.com/$&/index.html]
[demo30.atiframe.com/Trident/index.html]
[demo30.atiframe.com/credit-card.svg]
[demo30.atiframe.com/wp-content/plugins/caldera-forms/assets/build/js/caldera-forms-front.min4585.js]
[demo30.atiframe.com/wp-includes/js/wp-embed.min9dff.js]
[demo30.atiframe.com/wp-content/plugins/atiframe-builder-shortcodes-master/js/isotope.pkgd.min9dff.js]
[demo30.atiframe.com/wp-content/plugins/kingcomposer/includes/frontend/vendors/prettyPhoto/js/jquery.prettyPhotoceb5.js]
[demo30.atiframe.com/wp-content/plugins/revslider/public/assets/fonts/revicons/revicons90c6.svg]
[demo30.atiframe.com/wp-content/plugins/revslider/public/assets/css/openhand.html]
[demo30.atiframe.com/wp-content/plugins/revslider/public/assets/css/closedhand.html]
[demo30.atiframe.com/wp-content/uploads/sl_icons/native/fonts/native96c1.svg]
[demo30.atiframe.com/wp-content/plugins/kingcomposer/assets/css/fonts/Simple-Line-Iconsd41d.svg]
[demo30.atiframe.com/wp-content/plugins/kingcomposer/assets/css/fonts/et-line.svg]
[demo30.atiframe.com/wp-content/plugins/kingcomposer/assets/css/fonts/fa-solid-900.svg]
[demo30.atiframe.com/wp-content/plugins/kingcomposer/assets/css/fonts/fa-brands-400.svg]
[demo30.atiframe.com/wp-content/themes/atiframe-builder/fonts/star.svg]
[demo30.atiframe.com/wp-includes/js/mediaelement/mejs-controls.svg]
[demo30.atiframe.com/wp-content/plugins/caldera-forms/assets/build/images/credit-card.svg]
[demo30.atiframe.com/wp-content/plugins/caldera-forms/assets/build/css/fonts/cf-ratye6a1.svg]
[demo30.atiframe.com/Version/index.html]
[demo30.atiframe.com/CustomEase.min.html]
[demo30.atiframe.com/TweenLite.min.html]
[demo30.atiframe.com/images/transparent.html]
[demo30.atiframe.com/assets/transparent.html]
[demo30.atiframe.com/origin=https_/index.html]
[demo30.atiframe.com/index014d.html]
[demo30.atiframe.com/index1682.html]
[demo30.atiframe.com/indexfeee.html]
[demo30.atiframe.com/indexb325.html]
[demo30.atiframe.com/index0f9b.html]
[demo30.atiframe.com/wp-content/plugins/atiframe-builder-shortcodes-master/shortcodes/js/responsive-tablesceb5.js]
[demo30.atiframe.com/index0c6c.html]
[demo30.atiframe.com/index64d7.html]
[demo30.atiframe.com/service-detailed/index.html]
[demo30.atiframe.com/index0a35.html]
[demo30.atiframe.com/Edge/index.html]
[demo30.atiframe.com/youtu.be/index.html]
[demo30.atiframe.com/wp-json/oembed/1.0/embeda5be.json]
[demo30.atiframe.com/web-sites/template-sticky/feed/index.html]
[demo30.atiframe.com/wp-json/oembed/1.0/embed60d7]
[demo30.atiframe.com/wp-content/uploads/2017/07/Post-011-600x600.jpg]
[demo30.atiframe.com/wp-content/uploads/2017/07/Post-010-1-600x600.jpg]
[demo30.atiframe.com/web-sites/template-sticky/index.html]
[demo30.atiframe.com/author/admin/index.html]
[demo30.atiframe.com/author/admin/feed/index.html]
[demo30.atiframe.com/wp-json/oembed/1.0/embeddefe.json]
[demo30.atiframe.com/author/admin/page/2/index.html]
[demo30.atiframe.com/web-sites/blog-post-2-sidebars/feed/index.html]
[demo30.atiframe.com/wp-json/oembed/1.0/embedf7a7]
[demo30.atiframe.com/wp-content/uploads/2017/07/Post-006-1-600x600.jpg]
[demo30.atiframe.com/web-sites/blog-post-2-sidebars/index.html]
[demo30.atiframe.com/category/ux-ui-design/index.html]
[demo30.atiframe.com/category/ux-ui-design/feed/index.html]
[demo30.atiframe.com/web-sites/post-132456-password-protected/feed/index.html]
[demo30.atiframe.com/wp-json/oembed/1.0/embeddf02.json]
[demo30.atiframe.com/wp-json/oembed/1.0/embedafa6]
[demo30.atiframe.com/wp-content/uploads/2017/07/Post-007-600x600.jpg]
[demo30.atiframe.com/wp-content/themes/atiframe-builder/images/gallery.svg]
[demo30.atiframe.com/web-sites/post-132456-password-protected/index.html]
[demo30.atiframe.com/web-sites/image-post-format/feed/index.html]
[demo30.atiframe.com/wp-json/oembed/1.0/embed139f.json]
[demo30.atiframe.com/wp-json/oembed/1.0/embedd107]
[demo30.atiframe.com/wp-content/uploads/2017/07/Post-008-600x600.jpg]
[demo30.atiframe.com/web-sites/image-post-format/index.html]
[demo30.atiframe.com/wp-json/oembed/1.0/embed38de.json]
[demo30.atiframe.com/web-sites/post-without-image/feed/index.html]
[demo30.atiframe.com/web-sites/image-post-format/indexa79a.html]
[demo30.atiframe.com/web-sites/image-post-format/indexb951.html]
[demo30.atiframe.com/wp-json/oembed/1.0/embeda6e2]
[demo30.atiframe.com/wp-content/uploads/2017/07/Post-009-600x600.jpg]
[demo30.atiframe.com/web-sites/post-without-image/index.html]
[demo30.atiframe.com/wp-json/oembed/1.0/embed2584.json]
[demo30.atiframe.com/ux-ui-design/markup-image-alignment/feed/index.html]
[demo30.atiframe.com/wp-json/oembed/1.0/embed6af0]
[demo30.atiframe.com/ux-ui-design/markup-image-alignment/index.html]
[demo30.atiframe.com/wp-json/oembed/1.0/embed6862.json]
[demo30.atiframe.com/ux-ui-design/template-paginated/feed/index.html]
[demo30.atiframe.com/wp-json/oembed/1.0/embedaab9]
[demo30.atiframe.com/wp-content/uploads/2017/07/Post-001-600x600.jpg]
[demo30.atiframe.com/ux-ui-design/template-paginated/index.html]
[demo30.atiframe.com/wp-content/uploads/2017/07/Post-005.jpg]
[demo30.atiframe.com/wp-content/uploads/2017/07/Post-006-1.jpg]
[demo30.atiframe.com/wp-content/uploads/2017/07/Post-007.jpg]
[demo30.atiframe.com/blog/page/2/index.html]
[demo30.atiframe.com/wp-json/oembed/1.0/embed5aae.json]
[demo30.atiframe.com/web-sites/template-comments/feed/index.html]
[demo30.atiframe.com/wp-json/oembed/1.0/embedada3]
[demo30.atiframe.com/wp-content/uploads/2017/05/Post-0012-600x600.jpg]
[demo30.atiframe.com/web-sites/template-comments/index.html]
[demo30.atiframe.com/tag/advertising/index.html]
[demo30.atiframe.com/tag/content/index.html]
[demo30.atiframe.com/web-sites/template-comments/index3094.html]
[demo30.atiframe.com/web-sites/template-comments/index21b4.html]
[demo30.atiframe.com/web-sites/template-comments/index8e42.html]
[demo30.atiframe.com/web-sites/template-comments/index267f.html]
[demo30.atiframe.com/tag/design/index.html]
[demo30.atiframe.com/web-sites/template-comments/index41b7.html]
[demo30.atiframe.com/web-sites/template-comments/index94a5.html]
[demo30.atiframe.com/web-sites/template-comments/indexfc06.html]
[demo30.atiframe.com/web-sites/template-comments/index6944.html]
[demo30.atiframe.com/tag/marketing/index.html]
[demo30.atiframe.com/web-sites/template-comments/index04d3.html]
[demo30.atiframe.com/web-sites/template-comments/indexfa40.html]
[demo30.atiframe.com/web-sites/template-comments/index360b.html]
[demo30.atiframe.com/web-sites/template-comments/index8528.html]
[demo30.atiframe.com/index8cd8.html]
[demo30.atiframe.com/web-sites/template-comments/index6f0d.html]
[demo30.atiframe.com/tag/advertising/feed/index.html]
[demo30.atiframe.com/tag/content/feed/index.html]
[demo30.atiframe.com/tag/design/feed/index.html]
[demo30.atiframe.com/tag/marketing/feed/index.html]
[demo30.atiframe.com/xmlrpc.php]
[demo30.atiframe.com/wp-content/themes/atiframe-builder/images/quote.svg]
[demo30.atiframe.com/wp-includes/js/comment-reply.min9dff.js]
[demo30.atiframe.com/index1407.html]
[demo30.atiframe.com/index551c.html]
[demo30.atiframe.com/index1062.html]
[demo30.atiframe.com/indexdf9c.html]
[demo30.atiframe.com/index1b8a.html]
[demo30.atiframe.com/index2a82.html]
[demo30.atiframe.com/index63dd.html]
[demo30.atiframe.com/index0648.html]
[demo30.atiframe.com/index5947.html]
[demo30.atiframe.com/index8b37.html]
[demo30.atiframe.com/indexe2d5.html]
[demo30.atiframe.com/index067e.html]
[demo30.atiframe.com/index5103.html]
[demo30.atiframe.com/wp-content/themes/atiframe-builder/images/play.svg]
[demo30.atiframe.com/index0515.html]
[demo30.atiframe.com/indexf741.html]
[demo30.atiframe.com/index6cac.html]
[demo30.atiframe.com/index0b79.html]
[demo30.atiframe.com/wp-json/oembed/1.0/embed2dac.json]
[demo30.atiframe.com/ux-ui-design/hello-world-2/feed/index.html]
[demo30.atiframe.com/wp-json/oembed/1.0/embed2d55]
[demo30.atiframe.com/ux-ui-design/hello-world-2/index.html]
[demo30.atiframe.com/index8b44.html]
[demo30.atiframe.com/indexaab2.html]
[demo30.atiframe.com/GET.html]
[demo30.atiframe.com/;path=/index.html]
[demo30.atiframe.com/this,b.html]
[demo30.atiframe.com/$&/index.html]
[demo30.atiframe.com/Trident/index.html]
[demo30.atiframe.com/Edge/index.html]
[demo30.atiframe.com/credit-card.html]
[demo30.atiframe.com/youtu.be/index.html]
[demo30.atiframe.com/index01a2.html]
[demo30.atiframe.com/author/admin/page/2/index.html]
[demo30.atiframe.com/index7255.html]
[demo30.atiframe.com/index87e8.html]
[demo30.atiframe.com/wp-content/themes/atiframe-builder/images/gallery.svg]
[demo30.atiframe.com/indexb645.html]
[demo30.atiframe.com/web-sites/image-post-format/indexa79a.html]
[demo30.atiframe.com/web-sites/image-post-format/indexb951.html]
[demo30.atiframe.com/index5657.html]
[demo30.atiframe.com/index778b.html]
[demo30.atiframe.com/index8a0c.html]
[demo30.atiframe.com/index2c5f.html]
[demo30.atiframe.com/web-sites/template-comments/index3094.html]
[demo30.atiframe.com/web-sites/template-comments/index21b4.html]
[demo30.atiframe.com/web-sites/template-comments/index8e42.html]
[demo30.atiframe.com/web-sites/template-comments/index267f.html]
[demo30.atiframe.com/web-sites/template-comments/index41b7.html]
[demo30.atiframe.com/web-sites/template-comments/index94a5.html]
[demo30.atiframe.com/web-sites/template-comments/indexfc06.html]
[demo30.atiframe.com/web-sites/template-comments/index6944.html]
[demo30.atiframe.com/web-sites/template-comments/index04d3.html]
[demo30.atiframe.com/web-sites/template-comments/indexfa40.html]
[demo30.atiframe.com/ux-ui-design/hello-world-2/index0e22.html]
[demo30.atiframe.com/web-sites/template-comments/index360b.html]
[demo30.atiframe.com/web-sites/template-comments/index8528.html]
[demo30.atiframe.com/web-sites/template-comments/index6f0d.html]
[demo30.atiframe.com/indexe6fd.html]
[demo30.atiframe.com/ux-ui-design/hello-world-2/index0e22.html]
